// Jest Snapshot v1, https://goo.gl/fbAQLP

exports[`renders correctly 1`] = `
<div>
  <div
    class="addProperty"
  >
    <div
      class="Toastify"
    />
    <h1>
      Add your property
    </h1>
    <div
      class="formContainer"
    >
      <form
        class="formContainer"
      >
        <div
          class="formFields"
        >
          <div
            class="columnField"
          >
            <div
              class="formField"
            >
              <h2>
                Address
              </h2>
              <label
                for="houseNumber"
              >
                House Number
              </label>
              <input
                id="houseNumber"
                name="houseNumber"
                type="text"
                value=""
              />
            </div>
            <div
              class="errorMessage"
            />
            <div
              class="formField"
            >
              <label
                for="streetName"
              >
                Street Name
              </label>
              <input
                id="streetName"
                name="streetName"
                type="text"
                value=""
              />
            </div>
            <div
              class="errorMessage"
            />
            <div
              class="formField"
            >
              <label
                for="city"
              >
                City
              </label>
              <input
                id="city"
                name="city"
                type="text"
                value=""
              />
            </div>
            <div
              class="errorMessage"
            />
            <div
              class="formField"
            >
              <label
                for="country"
              >
                Country
              </label>
              <input
                id="country"
                name="country"
                type="text"
                value=""
              />
            </div>
            <div
              class="errorMessage"
            />
            <div
              class="formField"
            >
              <label
                for="postalCode"
              >
                Postal Code
              </label>
              <input
                id="postalCode"
                name="postalCode"
                type="text"
                value=""
              />
            </div>
            <div
              class="errorMessage"
            />
          </div>
          <div
            class="columnField"
          >
            <h2>
              Details
            </h2>
            <div
              class="formField"
            >
              <label
                for="propertyType"
              >
                Property Type
              </label>
              <select
                id="propertyType"
                name="propertyType"
              >
                <option
                  value="Detached"
                >
                  Detached
                </option>
                <option
                  value="Semi-detached"
                >
                  Semi-detached
                </option>
                <option
                  value="Terraced"
                >
                  Terraced
                </option>
                <option
                  value="Flat"
                >
                  Flat
                </option>
                <option
                  value="Bungalow"
                >
                  Bungalow
                </option>
                <option
                  value="Farm/land"
                >
                  Farm/land
                </option>
                <option
                  value="Park home"
                >
                  Park home
                </option>
              </select>
            </div>
            <div
              class="formField"
            >
              <label
                for="bedrooms"
              >
                Bedrooms
              </label>
              <input
                id="bedrooms"
                name="bedrooms"
                type="number"
                value="1"
              />
            </div>
            <div
              class="errorMessage"
            />
            <div
              class="formField"
            >
              <label
                for="bathrooms"
              >
                Bathrooms
              </label>
              <input
                id="bathrooms"
                name="bathrooms"
                type="number"
                value="1"
              />
            </div>
            <div
              class="errorMessage"
            />
            <div
              class="formField"
            >
              <label
                for="description"
              >
                Description
              </label>
              <textarea
                id="description"
                name="description"
                rows="5"
              />
            </div>
            <div
              class="errorMessage"
            />
            <div
              class="formField"
            >
              <label
                for="price"
              >
                Price
              </label>
              <input
                id="price"
                name="price"
                type="text"
                value=""
              />
            </div>
            <div
              class="errorMessage"
            />
            <div
              class="formField"
            >
              <label
                for="photo"
              >
                Photo
              </label>
              <input
                accept="image/*"
                id="photo"
                name="photo"
                type="file"
                value=""
              />
            </div>
            <div
              class="errorMessage"
            />
          </div>
        </div>
        <div
          class="buttonContainer"
        >
          <button
            type="submit"
          >
            Add property
          </button>
        </div>
      </form>
    </div>
  </div>
</div>
`;
